[debug] [2026-10-07T15:06:14.397Z] ----------------------------------------------------------------------
[debug] [2026-10-07T15:06:14.399Z] Command:       C:\nvm4w\nodejs\node.exe C:\Users\OMADITI\AppData\Roaming\npm\node_modules\firebase-tools\lib\bin\firebase.js deploy --only hosting
[debug] [2026-10-07T15:06:14.400Z] CLI Version:   15.10.1
[debug] [2026-10-07T15:06:14.400Z] Platform:      win32
[debug] [2026-10-07T15:06:14.400Z] Node Version:  v24.12.0
[debug] [2026-10-07T15:06:14.400Z] Time:          Wed Oct 07 2026 20:36:14 GMT+0530 (India Standard Time)
[debug] [2026-10-07T15:06:14.400Z] ----------------------------------------------------------------------
[debug] 
[debug] [2026-10-07T15:06:14.402Z] >>> [apiv2][query] GET https://firebase-public.firebaseio.com/cli.json [none]
[debug] [2026-10-07T15:06:24.247Z] > command requires scopes: ["email","openid","https://www.googleapis.com/auth/cloudplatformprojects.readonly","https://www.googleapis.com/auth/firebase","https://www.googleapis.com/auth/cloud-platform"]
[debug] [2026-10-07T15:06:24.247Z] > authorizing via signed-in user (omchaudhary2111@gmail.com)
[debug] [2026-10-07T15:06:24.248Z] [iam] checking project healthtrackai-23752 for permissions ["firebase.projects.get","firebasehosting.sites.update"]
[debug] [2026-10-07T15:06:24.249Z] Checked if tokens are valid: false, expires at: 1776501767896
[debug] [2026-10-07T15:06:24.249Z] Checked if tokens are valid: false, expires at: 1776501767896
[debug] [2026-10-07T15:06:24.249Z] > refreshing access token with scopes: []
[debug] [2026-10-07T15:06:24.251Z] >>> [apiv2][query] POST https://www.googleapis.com/oauth2/v3/token [none]
[debug] [2026-10-07T15:06:24.251Z] >>> [apiv2][body] POST https://www.googleapis.com/oauth2/v3/token [omitted]
[debug] [2026-10-07T15:06:24.427Z] <<< [apiv2][status] POST https://www.googleapis.com/oauth2/v3/token 200
[debug] [2026-10-07T15:06:24.428Z] <<< [apiv2][body] POST https://www.googleapis.com/oauth2/v3/token [omitted]
[error] Authentication Error: Your credentials are no longer valid. Please run firebase login --reauth

For CI servers and headless environments, generate a new token with firebase login:ci
[debug] [2026-10-07T15:06:24.438Z] [iam] error while checking permissions, command may fail: Authentication Error: Your credentials are no longer valid. Please run firebase login --reauth

For CI servers and headless environments, generate a new token with firebase login:ci
[debug] [2026-10-07T15:06:24.438Z] Checked if tokens are valid: true, expires at: 1791389183428
[debug] [2026-10-07T15:06:24.438Z] Checked if tokens are valid: true, expires at: 1791389183428
[debug] [2026-10-07T15:06:24.439Z] >>> [apiv2][query] GET https://firebase.googleapis.com/v1beta1/projects/healthtrackai-23752 [none]
[debug] [2026-10-07T15:06:24.838Z] <<< [apiv2][status] GET https://firebase-public.firebaseio.com/cli.json 200
[debug] [2026-10-07T15:06:24.839Z] <<< [apiv2][body] GET https://firebase-public.firebaseio.com/cli.json {"cloudBuildErrorAfter":1594252800000,"cloudBuildWarnAfter":1590019200000,"defaultNode10After":1594252800000,"minVersion":"3.0.5","node8DeploysDisabledAfter":1613390400000,"node8RuntimeDisabledAfter":1615809600000,"node8WarnAfter":1600128000000}
[warn] !  Unable to fetch the CLI MOTD and remote config. This is not a fatal error, but may indicate an issue with your network connection. 
[debug] [2026-10-07T15:06:24.843Z] Failed to fetch MOTD Error: EPERM: operation not permitted, rename 'C:\Users\OMADITI\.config\configstore\firebase-tools.json.2874517735' -> 'C:\Users\OMADITI\.config\configstore\firebase-tools.json'
[debug] [2026-10-07T15:06:24.984Z] <<< [apiv2][status] GET https://firebase.googleapis.com/v1beta1/projects/healthtrackai-23752 200
[debug] [2026-10-07T15:06:24.985Z] <<< [apiv2][body] GET https://firebase.googleapis.com/v1beta1/projects/healthtrackai-23752 {"projectId":"healthtrackai-23752","projectNumber":"653093331033","displayName":"HealthTrackAI","name":"projects/healthtrackai-23752","resources":{"hostingSite":"healthtrackai-23752"},"state":"ACTIVE","labels":{"firebase":"enabled"},"etag":"1_e2c39748-eb4a-4d52-8d27-a42991532951"}
[info] 
[info] === Deploying to 'healthtrackai-23752'...
[info] 
[info] i  deploying hosting 
[debug] [2026-10-07T15:06:24.989Z] Checked if tokens are valid: true, expires at: 1791389183428
[debug] [2026-10-07T15:06:24.989Z] Checked if tokens are valid: true, expires at: 1791389183428
[debug] [2026-10-07T15:06:24.989Z] >>> [apiv2][query] POST https://firebasehosting.googleapis.com/v1beta1/projects/-/sites/healthtrackai-23752/versions [none]
[debug] [2026-10-07T15:06:24.989Z] >>> [apiv2][body] POST https://firebasehosting.googleapis.com/v1beta1/projects/-/sites/healthtrackai-23752/versions {"status":"CREATED","labels":{"deployment-tool":"cli-firebase"}}
[debug] [2026-10-07T15:06:27.745Z] <<< [apiv2][status] POST https://firebasehosting.googleapis.com/v1beta1/projects/-/sites/healthtrackai-23752/versions 200
[debug] [2026-10-07T15:06:27.745Z] <<< [apiv2][body] POST https://firebasehosting.googleapis.com/v1beta1/projects/-/sites/healthtrackai-23752/versions {"name":"projects/653093331033/sites/healthtrackai-23752/versions/9f8efe3e82b77289","status":"CREATED","config":{},"labels":{"deployment-tool":"cli-firebase"}}
[info] i  hosting[healthtrackai-23752]: beginning deploy... 
[info] i  hosting[healthtrackai-23752]: found 32 files in frontend/dist/mindtrack-ai/browser 
[debug] [2026-10-07T15:06:27.763Z] [hosting] uploading with 200 concurrency
[debug] [2026-10-07T15:06:27.790Z] Checked if tokens are valid: true, expires at: 1791389183428
[debug] [2026-10-07T15:06:27.791Z] Checked if tokens are valid: true, expires at: 1791389183428
[debug] [2026-10-07T15:06:27.793Z] [hosting] hash cache [ZnJvbnRlbmRcZGlzdFxtaW5kdHJhY2stYWlcYnJvd3Nlcg] stored for 32 files
[debug] [2026-10-07T15:06:27.794Z] [hosting][hash queue][FINAL] {"max":21,"min":11,"avg":12.09375,"active":0,"complete":32,"success":32,"errored":0,"retried":0,"total":32,"elapsed":28}
[debug] [2026-10-07T15:06:27.794Z] >>> [apiv2][query] POST https://firebasehosting.googleapis.com/v1beta1/projects/653093331033/sites/healthtrackai-23752/versions/9f8efe3e82b77289:populateFiles [none]
[debug] [2026-10-07T15:06:27.794Z] >>> [apiv2][body] POST https://firebasehosting.googleapis.com/v1beta1/projects/653093331033/sites/healthtrackai-23752/versions/9f8efe3e82b77289:populateFiles {"files":{"/index.html":"53333456a1dc5c10eec830d6f0e9ece7b31f2a5020a725c24c3263e31c43baca","/chunk-Z5XUB7N6.js":"ffc87b7191a8cccbc93b91d818434c3a2763ffd4a6c5932d3243a76dee1aff14","/chunk-Z3P25U6U.js":"14fd153d7968aea4896272e07defa8382af80d9cf82e46e39f1dbddae4d2a42f","/chunk-WJSK4M5R.js":"380e4959176da1c501919a0154cead87982140b3d64344ac4fbf117dc61d22e8","/chunk-X5HOAUJX.js":"b048b47607cd964c488e05e764a2211e2a6af65b849b0beb8f628998ba218b27","/polyfills-DOYHMSTV.js":"c3f1e61a5be7a7fcb648aaf3c15db12b8881f38150ddd9f602baf0744e34aa28","/chunk-VDSQPEZD.js":"af76c6fca8d127d2a0ed25d9d25bf6a85ffd6d6e58dfb3aefb9d6cc692b808a7","/chunk-YSB7SQXV.js":"2605e4184e473b28d1c264e781f881977e36089dc4bd1f44724c98a5e638dbb0","/chunk-UXNB6V7M.js":"bc63e98bc55509f62ac8f0913d7645118bb6c79d1ae530664403eda6d1fe786f","/chunk-NGJJ7UQP.js":"b6205b5a29627902752764a70ec03a7b2d07abdf5ee787cb8afefa53be3ac341","/chunk-ODRQVOKW.js":"6a5b4274d5db1576a04baaeb2b6fbacdb0e756d01a651f22fa3c53371e79142d","/chunk-MHGSHTGY.js":"e998d4722e0ecb183cbe1492cbc9216a0a5427b3f9791665773c55a757bdb6ac","/chunk-KFFMFJAT.js":"f320aeef9fd1dbbafa9f32f6438d838382c08d71ff05aa3ec55976d3e554536c","/chunk-JFBCE27I.js":"0f68a160a0b27441f67806f1eac22fe2083199a1c55f6b53256fed49c47a2923","/chunk-FP7HSN5R.js":"be526ec3c35f4b9f598f7fd64c4a40d97962dabd0c2e2190ce75aec9a4967ec1","/chunk-FHT5XMAT.js":"01f343cd8124915d6da93cd0ef725b1ea4e3954d732f168a0b3cc5110809e5ad","/chunk-H5R6GEBI.js":"266b1c15130050183e82199bf85fc9cbfe93889eff8b90ccfa35b773b1b97b78","/chunk-CE3QB65O.js":"0da2e77080dae401c96dff39e7be6f4cc66ae844202b4766ceef41a96fdd652e","/chunk-DSUV3ZKS.js":"a2a0f167aaed2411aa27b92c8b75ebbe62c98738f293b86549e763604d98be00","/chunk-6E5LRHHD.js":"63a86fb89976837db9b0a55e6381084b12c267e4a9c13a0170ff7fa9f328642b","/chunk-AUZL53W2.js":"47ab2b31115106788f6a81e3bebb3adecb3a87a0bae4c32becfebf58107e50ef","/chunk-5WRWNDDB.js":"bfa0aa2ac3b7d78cedad4d770f51fbd979ffd20cc86bced6c3f22a60d3d4bfb4","/chunk-4XMK5DEP.js":"f19c05c5e2112dabf81e76f6f41efc591a0d070825f52dcd8baae0a9dc7785bf","/chunk-K3DW7GPX.js":"5f8508535a50f299371b2fc7e492f8432a88fa2bfac94e7ba6680083f8074514","/chunk-3DPLE3TW.js":"b40f3075b9f13148b86f8790f115876a28348dbebce016b9441b75ddcd5d2e76","/chunk-2DLAZORH.js":"90da03bddc10c89bbc29647f6cf6607539906b1874080171c2126fce7f7b0661","/styles-U6L7EJAY.css":"580c30ce37fbb3a73ebbd85308da334c97f691135f643350fda8d6fc3d07b800","/chunk-MHRJGMJP.js":"8adacf8ce04f74a906df51343bb4b790f3ce873a281b06dfa176d3fa433288df","/chunk-2L6ZZ2SI.js":"acb4db157d926c39c8abeff39ae19d6df4fc2281edfd045843ab4bf6ada92684","/main-JZUAQLFL.js":"c03b666444a0269bd82fb240e70191e22ccfdb929e6641b4f88a7ced5e70053f","/chunk-UKLSRY4B.js":"0035cf792e4adc8a91a8344a7fb08ac16ca948626285480ad225a8567e4129ce","/chunk-VYBV67AM.js":"ef473857014a85cd1024d9f83b1e343d0dd11b394d6637f5d28c900efbe9309c"}}
[debug] [2026-10-07T15:06:28.887Z] <<< [apiv2][status] POST https://firebasehosting.googleapis.com/v1beta1/projects/653093331033/sites/healthtrackai-23752/versions/9f8efe3e82b77289:populateFiles 200
[debug] [2026-10-07T15:06:28.887Z] <<< [apiv2][body] POST https://firebasehosting.googleapis.com/v1beta1/projects/653093331033/sites/healthtrackai-23752/versions/9f8efe3e82b77289:populateFiles {"uploadRequiredHashes":["bc63e98bc55509f62ac8f0913d7645118bb6c79d1ae530664403eda6d1fe786f","f19c05c5e2112dabf81e76f6f41efc591a0d070825f52dcd8baae0a9dc7785bf","90da03bddc10c89bbc29647f6cf6607539906b1874080171c2126fce7f7b0661","5f8508535a50f299371b2fc7e492f8432a88fa2bfac94e7ba6680083f8074514","bfa0aa2ac3b7d78cedad4d770f51fbd979ffd20cc86bced6c3f22a60d3d4bfb4","acb4db157d926c39c8abeff39ae19d6df4fc2281edfd045843ab4bf6ada92684","8adacf8ce04f74a906df51343bb4b790f3ce873a281b06dfa176d3fa433288df","380e4959176da1c501919a0154cead87982140b3d64344ac4fbf117dc61d22e8","f320aeef9fd1dbbafa9f32f6438d838382c08d71ff05aa3ec55976d3e554536c","266b1c15130050183e82199bf85fc9cbfe93889eff8b90ccfa35b773b1b97b78","2605e4184e473b28d1c264e781f881977e36089dc4bd1f44724c98a5e638dbb0","0f68a160a0b27441f67806f1eac22fe2083199a1c55f6b53256fed49c47a2923","580c30ce37fbb3a73ebbd85308da334c97f691135f643350fda8d6fc3d07b800","ffc87b7191a8cccbc93b91d818434c3a2763ffd4a6c5932d3243a76dee1aff14","b048b47607cd964c488e05e764a2211e2a6af65b849b0beb8f628998ba218b27","b40f3075b9f13148b86f8790f115876a28348dbebce016b9441b75ddcd5d2e76","0da2e77080dae401c96dff39e7be6f4cc66ae844202b4766ceef41a96fdd652e","47ab2b31115106788f6a81e3bebb3adecb3a87a0bae4c32becfebf58107e50ef","01f343cd8124915d6da93cd0ef725b1ea4e3954d732f168a0b3cc5110809e5ad","63a86fb89976837db9b0a55e6381084b12c267e4a9c13a0170ff7fa9f328642b","6a5b4274d5db1576a04baaeb2b6fbacdb0e756d01a651f22fa3c53371e79142d","e998d4722e0ecb183cbe1492cbc9216a0a5427b3f9791665773c55a757bdb6ac","af76c6fca8d127d2a0ed25d9d25bf6a85ffd6d6e58dfb3aefb9d6cc692b808a7","ef473857014a85cd1024d9f83b1e343d0dd11b394d6637f5d28c900efbe9309c","53333456a1dc5c10eec830d6f0e9ece7b31f2a5020a725c24c3263e31c43baca","b6205b5a29627902752764a70ec03a7b2d07abdf5ee787cb8afefa53be3ac341","a2a0f167aaed2411aa27b92c8b75ebbe62c98738f293b86549e763604d98be00","c03b666444a0269bd82fb240e70191e22ccfdb929e6641b4f88a7ced5e70053f","14fd153d7968aea4896272e07defa8382af80d9cf82e46e39f1dbddae4d2a42f","be526ec3c35f4b9f598f7fd64c4a40d97962dabd0c2e2190ce75aec9a4967ec1","0035cf792e4adc8a91a8344a7fb08ac16ca948626285480ad225a8567e4129ce"],"uploadUrl":"https://upload-firebasehosting.googleapis.com/upload/sites/healthtrackai-23752/versions/9f8efe3e82b77289/files"}
[debug] [2026-10-07T15:06:28.889Z] Checked if tokens are valid: true, expires at: 1791389183428
[debug] [2026-10-07T15:06:28.889Z] Checked if tokens are valid: true, expires at: 1791389183428
[debug] [2026-10-07T15:06:28.889Z] Checked if tokens are valid: true, expires at: 1791389183428
[debug] [2026-10-07T15:06:28.889Z] Checked if tokens are valid: true, expires at: 1791389183428
[debug] [2026-10-07T15:06:28.890Z] Checked if tokens are valid: true, expires at: 1791389183428
[debug] [2026-10-07T15:06:28.890Z] Checked if tokens are valid: true, expires at: 1791389183428
[debug] [2026-10-07T15:06:28.890Z] Checked if tokens are valid: true, expires at: 1791389183428
[debug] [2026-10-07T15:06:28.891Z] Checked if tokens are valid: true, expires at: 1791389183428
[debug] [2026-10-07T15:06:28.891Z] Checked if tokens are valid: true, expires at: 1791389183428
[debug] [2026-10-07T15:06:28.891Z] Checked if tokens are valid: true, expires at: 1791389183428
[debug] [2026-10-07T15:06:28.891Z] Checked if tokens are valid: true, expires at: 1791389183428
[debug] [2026-10-07T15:06:28.891Z] Checked if tokens are valid: true, expires at: 1791389183428
[debug] [2026-10-07T15:06:28.891Z] Checked if tokens are valid: true, expires at: 1791389183428
[debug] [2026-10-07T15:06:28.891Z] Checked if tokens are valid: true, expires at: 1791389183428
[debug] [2026-10-07T15:06:28.891Z] Checked if tokens are valid: true, expires at: 1791389183428
[debug] [2026-10-07T15:06:28.892Z] Checked if tokens are valid: true, expires at: 1791389183428
[debug] [2026-10-07T15:06:28.892Z] Checked if tokens are valid: true, expires at: 1791389183428
[debug] [2026-10-07T15:06:28.892Z] Checked if tokens are valid: true, expires at: 1791389183428
[debug] [2026-10-07T15:06:28.892Z] Checked if tokens are valid: true, expires at: 1791389183428
[debug] [2026-10-07T15:06:28.892Z] Checked if tokens are valid: true, expires at: 1791389183428
[debug] [2026-10-07T15:06:28.892Z] Checked if tokens are valid: true, expires at: 1791389183428
[debug] [2026-10-07T15:06:28.892Z] Checked if tokens are valid: true, expires at: 1791389183428
[debug] [2026-10-07T15:06:28.892Z] Checked if tokens are valid: true, expires at: 1791389183428
[debug] [2026-10-07T15:06:28.893Z] Checked if tokens are valid: true, expires at: 1791389183428
[debug] [2026-10-07T15:06:28.893Z] Checked if tokens are valid: true, expires at: 1791389183428
[debug] [2026-10-07T15:06:28.893Z] Checked if tokens are valid: true, expires at: 1791389183428
[debug] [2026-10-07T15:06:28.893Z] Checked if tokens are valid: true, expires at: 1791389183428
[debug] [2026-10-07T15:06:28.893Z] Checked if tokens are valid: true, expires at: 1791389183428
[debug] [2026-10-07T15:06:28.893Z] Checked if tokens are valid: true, expires at: 1791389183428
[debug] [2026-10-07T15:06:28.893Z] Checked if tokens are valid: true, expires at: 1791389183428
[debug] [2026-10-07T15:06:28.893Z] Checked if tokens are valid: true, expires at: 1791389183428
[debug] [2026-10-07T15:06:28.893Z] Checked if tokens are valid: true, expires at: 1791389183428
[debug] [2026-10-07T15:06:28.893Z] Checked if tokens are valid: true, expires at: 1791389183428
[debug] [2026-10-07T15:06:28.893Z] Checked if tokens are valid: true, expires at: 1791389183428
[debug] [2026-10-07T15:06:28.894Z] Checked if tokens are valid: true, expires at: 1791389183428
[debug] [2026-10-07T15:06:28.894Z] Checked if tokens are valid: true, expires at: 1791389183428
[debug] [2026-10-07T15:06:28.894Z] Checked if tokens are valid: true, expires at: 1791389183428
[debug] [2026-10-07T15:06:28.894Z] Checked if tokens are valid: true, expires at: 1791389183428
[debug] [2026-10-07T15:06:28.894Z] Checked if tokens are valid: true, expires at: 1791389183428
[debug] [2026-10-07T15:06:28.894Z] Checked if tokens are valid: true, expires at: 1791389183428
[debug] [2026-10-07T15:06:28.894Z] Checked if tokens are valid: true, expires at: 1791389183428
[debug] [2026-10-07T15:06:28.894Z] Checked if tokens are valid: true, expires at: 1791389183428
[debug] [2026-10-07T15:06:28.894Z] Checked if tokens are valid: true, expires at: 1791389183428
[debug] [2026-10-07T15:06:28.894Z] Checked if tokens are valid: true, expires at: 1791389183428
[debug] [2026-10-07T15:06:28.894Z] Checked if tokens are valid: true, expires at: 1791389183428
[debug] [2026-10-07T15:06:28.894Z] Checked if tokens are valid: true, expires at: 1791389183428
[debug] [2026-10-07T15:06:28.894Z] Checked if tokens are valid: true, expires at: 1791389183428
[debug] [2026-10-07T15:06:28.894Z] Checked if tokens are valid: true, expires at: 1791389183428
[debug] [2026-10-07T15:06:28.895Z] Checked if tokens are valid: true, expires at: 1791389183428
[debug] [2026-10-07T15:06:28.895Z] Checked if tokens are valid: true, expires at: 1791389183428
[debug] [2026-10-07T15:06:28.895Z] Checked if tokens are valid: true, expires at: 1791389183428
[debug] [2026-10-07T15:06:28.895Z] Checked if tokens are valid: true, expires at: 1791389183428
[debug] [2026-10-07T15:06:28.895Z] Checked if tokens are valid: true, expires at: 1791389183428
[debug] [2026-10-07T15:06:28.895Z] Checked if tokens are valid: true, expires at: 1791389183428
[debug] [2026-10-07T15:06:28.895Z] Checked if tokens are valid: true, expires at: 1791389183428
[debug] [2026-10-07T15:06:28.895Z] Checked if tokens are valid: true, expires at: 1791389183428
[debug] [2026-10-07T15:06:28.896Z] Checked if tokens are valid: true, expires at: 1791389183428
[debug] [2026-10-07T15:06:28.896Z] Checked if tokens are valid: true, expires at: 1791389183428
[debug] [2026-10-07T15:06:28.896Z] Checked if tokens are valid: true, expires at: 1791389183428
[debug] [2026-10-07T15:06:28.896Z] Checked if tokens are valid: true, expires at: 1791389183428
[debug] [2026-10-07T15:06:28.896Z] Checked if tokens are valid: true, expires at: 1791389183428
[debug] [2026-10-07T15:06:28.896Z] Checked if tokens are valid: true, expires at: 1791389183428
[debug] [2026-10-07T15:06:28.896Z] >>> [apiv2][query] POST https://upload-firebasehosting.googleapis.com/upload/sites/healthtrackai-23752/versions/9f8efe3e82b77289/files/bc63e98bc55509f62ac8f0913d7645118bb6c79d1ae530664403eda6d1fe786f [none]
[debug] [2026-10-07T15:06:28.896Z] >>> [apiv2][body] POST https://upload-firebasehosting.googleapis.com/upload/sites/healthtrackai-23752/versions/9f8efe3e82b77289/files/bc63e98bc55509f62ac8f0913d7645118bb6c79d1ae530664403eda6d1fe786f [stream]
[debug] [2026-10-07T15:06:28.898Z] >>> [apiv2][query] POST https://upload-firebasehosting.googleapis.com/upload/sites/healthtrackai-23752/versions/9f8efe3e82b77289/files/f19c05c5e2112dabf81e76f6f41efc591a0d070825f52dcd8baae0a9dc7785bf [none]
[debug] [2026-10-07T15:06:28.899Z] >>> [apiv2][body] POST https://upload-firebasehosting.googleapis.com/upload/sites/healthtrackai-23752/versions/9f8efe3e82b77289/files/f19c05c5e2112dabf81e76f6f41efc591a0d070825f52dcd8baae0a9dc7785bf [stream]
[debug] [2026-10-07T15:06:28.900Z] >>> [apiv2][query] POST https://upload-firebasehosting.googleapis.com/upload/sites/healthtrackai-23752/versions/9f8efe3e82b77289/files/90da03bddc10c89bbc29647f6cf6607539906b1874080171c2126fce7f7b0661 [none]
[debug] [2026-10-07T15:06:28.900Z] >>> [apiv2][body] POST https://upload-firebasehosting.googleapis.com/upload/sites/healthtrackai-23752/versions/9f8efe3e82b77289/files/90da03bddc10c89bbc29647f6cf6607539906b1874080171c2126fce7f7b0661 [stream]
[debug] [2026-10-07T15:06:28.902Z] >>> [apiv2][query] POST https://upload-firebasehosting.googleapis.com/upload/sites/healthtrackai-23752/versions/9f8efe3e82b77289/files/5f8508535a50f299371b2fc7e492f8432a88fa2bfac94e7ba6680083f8074514 [none]
[debug] [2026-10-07T15:06:28.902Z] >>> [apiv2][body] POST https://upload-firebasehosting.googleapis.com/upload/sites/healthtrackai-23752/versions/9f8efe3e82b77289/files/5f8508535a50f299371b2fc7e492f8432a88fa2bfac94e7ba6680083f8074514 [stream]
[debug] [2026-10-07T15:06:28.903Z] >>> [apiv2][query] POST https://upload-firebasehosting.googleapis.com/upload/sites/healthtrackai-23752/versions/9f8efe3e82b77289/files/bfa0aa2ac3b7d78cedad4d770f51fbd979ffd20cc86bced6c3f22a60d3d4bfb4 [none]
[debug] [2026-10-07T15:06:28.903Z] >>> [apiv2][body] POST https://upload-firebasehosting.googleapis.com/upload/sites/healthtrackai-23752/versions/9f8efe3e82b77289/files/bfa0aa2ac3b7d78cedad4d770f51fbd979ffd20cc86bced6c3f22a60d3d4bfb4 [stream]
[debug] [2026-10-07T15:06:28.905Z] >>> [apiv2][query] POST https://upload-firebasehosting.googleapis.com/upload/sites/healthtrackai-23752/versions/9f8efe3e82b77289/files/acb4db157d926c39c8abeff39ae19d6df4fc2281edfd045843ab4bf6ada92684 [none]
[debug] [2026-10-07T15:06:28.905Z] >>> [apiv2][body] POST https://upload-firebasehosting.googleapis.com/upload/sites/healthtrackai-23752/versions/9f8efe3e82b77289/files/acb4db157d926c39c8abeff39ae19d6df4fc2281edfd045843ab4bf6ada92684 [stream]
[debug] [2026-10-07T15:06:28.907Z] >>> [apiv2][query] POST https://upload-firebasehosting.googleapis.com/upload/sites/healthtrackai-23752/versions/9f8efe3e82b77289/files/8adacf8ce04f74a906df51343bb4b790f3ce873a281b06dfa176d3fa433288df [none]
[debug] [2026-10-07T15:06:28.907Z] >>> [apiv2][body] POST https://upload-firebasehosting.googleapis.com/upload/sites/healthtrackai-23752/versions/9f8efe3e82b77289/files/8adacf8ce04f74a906df51343bb4b790f3ce873a281b06dfa176d3fa433288df [stream]
[debug] [2026-10-07T15:06:28.908Z] >>> [apiv2][query] POST https://upload-firebasehosting.googleapis.com/upload/sites/healthtrackai-23752/versions/9f8efe3e82b77289/files/380e4959176da1c501919a0154cead87982140b3d64344ac4fbf117dc61d22e8 [none]
[debug] [2026-10-07T15:06:28.908Z] >>> [apiv2][body] POST https://upload-firebasehosting.googleapis.com/upload/sites/healthtrackai-23752/versions/9f8efe3e82b77289/files/380e4959176da1c501919a0154cead87982140b3d64344ac4fbf117dc61d22e8 [stream]
[debug] [2026-10-07T15:06:28.910Z] >>> [apiv2][query] POST https://upload-firebasehosting.googleapis.com/upload/sites/healthtrackai-23752/versions/9f8efe3e82b77289/files/f320aeef9fd1dbbafa9f32f6438d838382c08d71ff05aa3ec55976d3e554536c [none]
[debug] [2026-10-07T15:06:28.910Z] >>> [apiv2][body] POST https://upload-firebasehosting.googleapis.com/upload/sites/healthtrackai-23752/versions/9f8efe3e82b77289/files/f320aeef9fd1dbbafa9f32f6438d838382c08d71ff05aa3ec55976d3e554536c [stream]
[debug] [2026-10-07T15:06:28.912Z] >>> [apiv2][query] POST https://upload-firebasehosting.googleapis.com/upload/sites/healthtrackai-23752/versions/9f8efe3e82b77289/files/266b1c15130050183e82199bf85fc9cbfe93889eff8b90ccfa35b773b1b97b78 [none]
[debug] [2026-10-07T15:06:28.912Z] >>> [apiv2][body] POST https://upload-firebasehosting.googleapis.com/upload/sites/healthtrackai-23752/versions/9f8efe3e82b77289/files/266b1c15130050183e82199bf85fc9cbfe93889eff8b90ccfa35b773b1b97b78 [stream]
[debug] [2026-10-07T15:06:28.913Z] >>> [apiv2][query] POST https://upload-firebasehosting.googleapis.com/upload/sites/healthtrackai-23752/versions/9f8efe3e82b77289/files/2605e4184e473b28d1c264e781f881977e36089dc4bd1f44724c98a5e638dbb0 [none]
[debug] [2026-10-07T15:06:28.914Z] >>> [apiv2][body] POST https://upload-firebasehosting.googleapis.com/upload/sites/healthtrackai-23752/versions/9f8efe3e82b77289/files/2605e4184e473b28d1c264e781f881977e36089dc4bd1f44724c98a5e638dbb0 [stream]
[debug] [2026-10-07T15:06:28.915Z] >>> [apiv2][query] POST https://upload-firebasehosting.googleapis.com/upload/sites/healthtrackai-23752/versions/9f8efe3e82b77289/files/0f68a160a0b27441f67806f1eac22fe2083199a1c55f6b53256fed49c47a2923 [none]
[debug] [2026-10-07T15:06:28.915Z] >>> [apiv2][body] POST https://upload-firebasehosting.googleapis.com/upload/sites/healthtrackai-23752/versions/9f8efe3e82b77289/files/0f68a160a0b27441f67806f1eac22fe2083199a1c55f6b53256fed49c47a2923 [stream]
[debug] [2026-10-07T15:06:28.916Z] >>> [apiv2][query] POST https://upload-firebasehosting.googleapis.com/upload/sites/healthtrackai-23752/versions/9f8efe3e82b77289/files/580c30ce37fbb3a73ebbd85308da334c97f691135f643350fda8d6fc3d07b800 [none]
[debug] [2026-10-07T15:06:28.916Z] >>> [apiv2][body] POST https://upload-firebasehosting.googleapis.com/upload/sites/healthtrackai-23752/versions/9f8efe3e82b77289/files/580c30ce37fbb3a73ebbd85308da334c97f691135f643350fda8d6fc3d07b800 [stream]
[debug] [2026-10-07T15:06:28.917Z] >>> [apiv2][query] POST https://upload-firebasehosting.googleapis.com/upload/sites/healthtrackai-23752/versions/9f8efe3e82b77289/files/ffc87b7191a8cccbc93b91d818434c3a2763ffd4a6c5932d3243a76dee1aff14 [none]
[debug] [2026-10-07T15:06:28.917Z] >>> [apiv2][body] POST https://upload-firebasehosting.googleapis.com/upload/sites/healthtrackai-23752/versions/9f8efe3e82b77289/files/ffc87b7191a8cccbc93b91d818434c3a2763ffd4a6c5932d3243a76dee1aff14 [stream]
[debug] [2026-10-07T15:06:28.919Z] >>> [apiv2][query] POST https://upload-firebasehosting.googleapis.com/upload/sites/healthtrackai-23752/versions/9f8efe3e82b77289/files/b048b47607cd964c488e05e764a2211e2a6af65b849b0beb8f628998ba218b27 [none]
[debug] [2026-10-07T15:06:28.919Z] >>> [apiv2][body] POST https://upload-firebasehosting.googleapis.com/upload/sites/healthtrackai-23752/versions/9f8efe3e82b77289/files/b048b47607cd964c488e05e764a2211e2a6af65b849b0beb8f628998ba218b27 [stream]
[debug] [2026-10-07T15:06:28.920Z] >>> [apiv2][query] POST https://upload-firebasehosting.googleapis.com/upload/sites/healthtrackai-23752/versions/9f8efe3e82b77289/files/b40f3075b9f13148b86f8790f115876a28348dbebce016b9441b75ddcd5d2e76 [none]
[debug] [2026-10-07T15:06:28.920Z] >>> [apiv2][body] POST https://upload-firebasehosting.googleapis.com/upload/sites/healthtrackai-23752/versions/9f8efe3e82b77289/files/b40f3075b9f13148b86f8790f115876a28348dbebce016b9441b75ddcd5d2e76 [stream]
[debug] [2026-10-07T15:06:28.922Z] >>> [apiv2][query] POST https://upload-firebasehosting.googleapis.com/upload/sites/healthtrackai-23752/versions/9f8efe3e82b77289/files/0da2e77080dae401c96dff39e7be6f4cc66ae844202b4766ceef41a96fdd652e [none]
[debug] [2026-10-07T15:06:28.922Z] >>> [apiv2][body] POST https://upload-firebasehosting.googleapis.com/upload/sites/healthtrackai-23752/versions/9f8efe3e82b77289/files/0da2e77080dae401c96dff39e7be6f4cc66ae844202b4766ceef41a96fdd652e [stream]
[debug] [2026-10-07T15:06:28.923Z] >>> [apiv2][query] POST https://upload-firebasehosting.googleapis.com/upload/sites/healthtrackai-23752/versions/9f8efe3e82b77289/files/47ab2b31115106788f6a81e3bebb3adecb3a87a0bae4c32becfebf58107e50ef [none]
[debug] [2026-10-07T15:06:28.923Z] >>> [apiv2][body] POST https://upload-firebasehosting.googleapis.com/upload/sites/healthtrackai-23752/versions/9f8efe3e82b77289/files/47ab2b31115106788f6a81e3bebb3adecb3a87a0bae4c32becfebf58107e50ef [stream]
[debug] [2026-10-07T15:06:28.925Z] >>> [apiv2][query] POST https://upload-firebasehosting.googleapis.com/upload/sites/healthtrackai-23752/versions/9f8efe3e82b77289/files/01f343cd8124915d6da93cd0ef725b1ea4e3954d732f168a0b3cc5110809e5ad [none]
[debug] [2026-10-07T15:06:28.925Z] >>> [apiv2][body] POST https://upload-firebasehosting.googleapis.com/upload/sites/healthtrackai-23752/versions/9f8efe3e82b77289/files/01f343cd8124915d6da93cd0ef725b1ea4e3954d732f168a0b3cc5110809e5ad [stream]
[debug] [2026-10-07T15:06:28.926Z] >>> [apiv2][query] POST https://upload-firebasehosting.googleapis.com/upload/sites/healthtrackai-23752/versions/9f8efe3e82b77289/files/63a86fb89976837db9b0a55e6381084b12c267e4a9c13a0170ff7fa9f328642b [none]
[debug] [2026-10-07T15:06:28.927Z] >>> [apiv2][body] POST https://upload-firebasehosting.googleapis.com/upload/sites/healthtrackai-23752/versions/9f8efe3e82b77289/files/63a86fb89976837db9b0a55e6381084b12c267e4a9c13a0170ff7fa9f328642b [stream]
[debug] [2026-10-07T15:06:28.928Z] >>> [apiv2][query] POST https://upload-firebasehosting.googleapis.com/upload/sites/healthtrackai-23752/versions/9f8efe3e82b77289/files/6a5b4274d5db1576a04baaeb2b6fbacdb0e756d01a651f22fa3c53371e79142d [none]
[debug] [2026-10-07T15:06:28.928Z] >>> [apiv2][body] POST https://upload-firebasehosting.googleapis.com/upload/sites/healthtrackai-23752/versions/9f8efe3e82b77289/files/6a5b4274d5db1576a04baaeb2b6fbacdb0e756d01a651f22fa3c53371e79142d [stream]
[debug] [2026-10-07T15:06:28.929Z] >>> [apiv2][query] POST https://upload-firebasehosting.googleapis.com/upload/sites/healthtrackai-23752/versions/9f8efe3e82b77289/files/e998d4722e0ecb183cbe1492cbc9216a0a5427b3f9791665773c55a757bdb6ac [none]
[debug] [2026-10-07T15:06:28.930Z] >>> [apiv2][body] POST https://upload-firebasehosting.googleapis.com/upload/sites/healthtrackai-23752/versions/9f8efe3e82b77289/files/e998d4722e0ecb183cbe1492cbc9216a0a5427b3f9791665773c55a757bdb6ac [stream]
[debug] [2026-10-07T15:06:28.931Z] >>> [apiv2][query] POST https://upload-firebasehosting.googleapis.com/upload/sites/healthtrackai-23752/versions/9f8efe3e82b77289/files/af76c6fca8d127d2a0ed25d9d25bf6a85ffd6d6e58dfb3aefb9d6cc692b808a7 [none]
[debug] [2026-10-07T15:06:28.931Z] >>> [apiv2][body] POST https://upload-firebasehosting.googleapis.com/upload/sites/healthtrackai-23752/versions/9f8efe3e82b77289/files/af76c6fca8d127d2a0ed25d9d25bf6a85ffd6d6e58dfb3aefb9d6cc692b808a7 [stream]
[debug] [2026-10-07T15:06:28.933Z] >>> [apiv2][query] POST https://upload-firebasehosting.googleapis.com/upload/sites/healthtrackai-23752/versions/9f8efe3e82b77289/files/ef473857014a85cd1024d9f83b1e343d0dd11b394d6637f5d28c900efbe9309c [none]
[debug] [2026-10-07T15:06:28.933Z] >>> [apiv2][body] POST https://upload-firebasehosting.googleapis.com/upload/sites/healthtrackai-23752/versions/9f8efe3e82b77289/files/ef473857014a85cd1024d9f83b1e343d0dd11b394d6637f5d28c900efbe9309c [stream]
[debug] [2026-10-07T15:06:28.934Z] >>> [apiv2][query] POST https://upload-firebasehosting.googleapis.com/upload/sites/healthtrackai-23752/versions/9f8efe3e82b77289/files/53333456a1dc5c10eec830d6f0e9ece7b31f2a5020a725c24c3263e31c43baca [none]
[debug] [2026-10-07T15:06:28.934Z] >>> [apiv2][body] POST https://upload-firebasehosting.googleapis.com/upload/sites/healthtrackai-23752/versions/9f8efe3e82b77289/files/53333456a1dc5c10eec830d6f0e9ece7b31f2a5020a725c24c3263e31c43baca [stream]
[debug] [2026-10-07T15:06:28.936Z] >>> [apiv2][query] POST https://upload-firebasehosting.googleapis.com/upload/sites/healthtrackai-23752/versions/9f8efe3e82b77289/files/b6205b5a29627902752764a70ec03a7b2d07abdf5ee787cb8afefa53be3ac341 [none]
[debug] [2026-10-07T15:06:28.936Z] >>> [apiv2][body] POST https://upload-firebasehosting.googleapis.com/upload/sites/healthtrackai-23752/versions/9f8efe3e82b77289/files/b6205b5a29627902752764a70ec03a7b2d07abdf5ee787cb8afefa53be3ac341 [stream]
[debug] [2026-10-07T15:06:28.937Z] >>> [apiv2][query] POST https://upload-firebasehosting.googleapis.com/upload/sites/healthtrackai-23752/versions/9f8efe3e82b77289/files/a2a0f167aaed2411aa27b92c8b75ebbe62c98738f293b86549e763604d98be00 [none]
[debug] [2026-10-07T15:06:28.937Z] >>> [apiv2][body] POST https://upload-firebasehosting.googleapis.com/upload/sites/healthtrackai-23752/versions/9f8efe3e82b77289/files/a2a0f167aaed2411aa27b92c8b75ebbe62c98738f293b86549e763604d98be00 [stream]
[debug] [2026-10-07T15:06:28.938Z] >>> [apiv2][query] POST https://upload-firebasehosting.googleapis.com/upload/sites/healthtrackai-23752/versions/9f8efe3e82b77289/files/c03b666444a0269bd82fb240e70191e22ccfdb929e6641b4f88a7ced5e70053f [none]
[debug] [2026-10-07T15:06:28.939Z] >>> [apiv2][body] POST https://upload-firebasehosting.googleapis.com/upload/sites/healthtrackai-23752/versions/9f8efe3e82b77289/files/c03b666444a0269bd82fb240e70191e22ccfdb929e6641b4f88a7ced5e70053f [stream]
[debug] [2026-10-07T15:06:28.940Z] >>> [apiv2][query] POST https://upload-firebasehosting.googleapis.com/upload/sites/healthtrackai-23752/versions/9f8efe3e82b77289/files/14fd153d7968aea4896272e07defa8382af80d9cf82e46e39f1dbddae4d2a42f [none]
[debug] [2026-10-07T15:06:28.940Z] >>> [apiv2][body] POST https://upload-firebasehosting.googleapis.com/upload/sites/healthtrackai-23752/versions/9f8efe3e82b77289/files/14fd153d7968aea4896272e07defa8382af80d9cf82e46e39f1dbddae4d2a42f [stream]
[debug] [2026-10-07T15:06:28.941Z] >>> [apiv2][query] POST https://upload-firebasehosting.googleapis.com/upload/sites/healthtrackai-23752/versions/9f8efe3e82b77289/files/be526ec3c35f4b9f598f7fd64c4a40d97962dabd0c2e2190ce75aec9a4967ec1 [none]
[debug] [2026-10-07T15:06:28.942Z] >>> [apiv2][body] POST https://upload-firebasehosting.googleapis.com/upload/sites/healthtrackai-23752/versions/9f8efe3e82b77289/files/be526ec3c35f4b9f598f7fd64c4a40d97962dabd0c2e2190ce75aec9a4967ec1 [stream]
[debug] [2026-10-07T15:06:28.943Z] >>> [apiv2][query] POST https://upload-firebasehosting.googleapis.com/upload/sites/healthtrackai-23752/versions/9f8efe3e82b77289/files/0035cf792e4adc8a91a8344a7fb08ac16ca948626285480ad225a8567e4129ce [none]
[debug] [2026-10-07T15:06:28.943Z] >>> [apiv2][body] POST https://upload-firebasehosting.googleapis.com/upload/sites/healthtrackai-23752/versions/9f8efe3e82b77289/files/0035cf792e4adc8a91a8344a7fb08ac16ca948626285480ad225a8567e4129ce [stream]
[debug] [2026-10-07T15:06:28.944Z] [hosting][populate queue][FINAL] {"max":1106,"min":1106,"avg":1106,"active":0,"complete":1,"success":1,"errored":0,"retried":0,"total":1,"elapsed":1154}
[debug] [2026-10-07T15:06:28.944Z] [hosting] uploads queued: 31
[info] i  hosting: uploading new files [0/31] (0%) 
[debug] [2026-10-07T15:06:30.602Z] <<< [apiv2][status] POST https://upload-firebasehosting.googleapis.com/upload/sites/healthtrackai-23752/versions/9f8efe3e82b77289/files/8adacf8ce04f74a906df51343bb4b790f3ce873a281b06dfa176d3fa433288df 200
[debug] [2026-10-07T15:06:30.602Z] <<< [apiv2][body] POST https://upload-firebasehosting.googleapis.com/upload/sites/healthtrackai-23752/versions/9f8efe3e82b77289/files/8adacf8ce04f74a906df51343bb4b790f3ce873a281b06dfa176d3fa433288df [stream]
[debug] [2026-10-07T15:06:30.608Z] <<< [apiv2][status] POST https://upload-firebasehosting.googleapis.com/upload/sites/healthtrackai-23752/versions/9f8efe3e82b77289/files/b048b47607cd964c488e05e764a2211e2a6af65b849b0beb8f628998ba218b27 200
[debug] [2026-10-07T15:06:30.608Z] <<< [apiv2][body] POST https://upload-firebasehosting.googleapis.com/upload/sites/healthtrackai-23752/versions/9f8efe3e82b77289/files/b048b47607cd964c488e05e764a2211e2a6af65b849b0beb8f628998ba218b27 [stream]
[debug] [2026-10-07T15:06:30.618Z] <<< [apiv2][status] POST https://upload-firebasehosting.googleapis.com/upload/sites/healthtrackai-23752/versions/9f8efe3e82b77289/files/90da03bddc10c89bbc29647f6cf6607539906b1874080171c2126fce7f7b0661 200
[debug] [2026-10-07T15:06:30.618Z] <<< [apiv2][body] POST https://upload-firebasehosting.googleapis.com/upload/sites/healthtrackai-23752/versions/9f8efe3e82b77289/files/90da03bddc10c89bbc29647f6cf6607539906b1874080171c2126fce7f7b0661 [stream]
[debug] [2026-10-07T15:06:30.622Z] <<< [apiv2][status] POST https://upload-firebasehosting.googleapis.com/upload/sites/healthtrackai-23752/versions/9f8efe3e82b77289/files/f320aeef9fd1dbbafa9f32f6438d838382c08d71ff05aa3ec55976d3e554536c 200
[debug] [2026-10-07T15:06:30.622Z] <<< [apiv2][body] POST https://upload-firebasehosting.googleapis.com/upload/sites/healthtrackai-23752/versions/9f8efe3e82b77289/files/f320aeef9fd1dbbafa9f32f6438d838382c08d71ff05aa3ec55976d3e554536c [stream]
[debug] [2026-10-07T15:06:30.623Z] <<< [apiv2][status] POST https://upload-firebasehosting.googleapis.com/upload/sites/healthtrackai-23752/versions/9f8efe3e82b77289/files/6a5b4274d5db1576a04baaeb2b6fbacdb0e756d01a651f22fa3c53371e79142d 200
[debug] [2026-10-07T15:06:30.623Z] <<< [apiv2][body] POST https://upload-firebasehosting.googleapis.com/upload/sites/healthtrackai-23752/versions/9f8efe3e82b77289/files/6a5b4274d5db1576a04baaeb2b6fbacdb0e756d01a651f22fa3c53371e79142d [stream]
[debug] [2026-10-07T15:06:30.624Z] <<< [apiv2][status] POST https://upload-firebasehosting.googleapis.com/upload/sites/healthtrackai-23752/versions/9f8efe3e82b77289/files/bfa0aa2ac3b7d78cedad4d770f51fbd979ffd20cc86bced6c3f22a60d3d4bfb4 200
[debug] [2026-10-07T15:06:30.624Z] <<< [apiv2][body] POST https://upload-firebasehosting.googleapis.com/upload/sites/healthtrackai-23752/versions/9f8efe3e82b77289/files/bfa0aa2ac3b7d78cedad4d770f51fbd979ffd20cc86bced6c3f22a60d3d4bfb4 [stream]
[debug] [2026-10-07T15:06:30.627Z] <<< [apiv2][status] POST https://upload-firebasehosting.googleapis.com/upload/sites/healthtrackai-23752/versions/9f8efe3e82b77289/files/e998d4722e0ecb183cbe1492cbc9216a0a5427b3f9791665773c55a757bdb6ac 200
[debug] [2026-10-07T15:06:30.627Z] <<< [apiv2][body] POST https://upload-firebasehosting.googleapis.com/upload/sites/healthtrackai-23752/versions/9f8efe3e82b77289/files/e998d4722e0ecb183cbe1492cbc9216a0a5427b3f9791665773c55a757bdb6ac [stream]
[debug] [2026-10-07T15:06:30.628Z] <<< [apiv2][status] POST https://upload-firebasehosting.googleapis.com/upload/sites/healthtrackai-23752/versions/9f8efe3e82b77289/files/380e4959176da1c501919a0154cead87982140b3d64344ac4fbf117dc61d22e8 200
[debug] [2026-10-07T15:06:30.628Z] <<< [apiv2][body] POST https://upload-firebasehosting.googleapis.com/upload/sites/healthtrackai-23752/versions/9f8efe3e82b77289/files/380e4959176da1c501919a0154cead87982140b3d64344ac4fbf117dc61d22e8 [stream]
[debug] [2026-10-07T15:06:30.635Z] <<< [apiv2][status] POST https://upload-firebasehosting.googleapis.com/upload/sites/healthtrackai-23752/versions/9f8efe3e82b77289/files/47ab2b31115106788f6a81e3bebb3adecb3a87a0bae4c32becfebf58107e50ef 200
[debug] [2026-10-07T15:06:30.635Z] <<< [apiv2][body] POST https://upload-firebasehosting.googleapis.com/upload/sites/healthtrackai-23752/versions/9f8efe3e82b77289/files/47ab2b31115106788f6a81e3bebb3adecb3a87a0bae4c32becfebf58107e50ef [stream]
[debug] [2026-10-07T15:06:30.648Z] <<< [apiv2][status] POST https://upload-firebasehosting.googleapis.com/upload/sites/healthtrackai-23752/versions/9f8efe3e82b77289/files/53333456a1dc5c10eec830d6f0e9ece7b31f2a5020a725c24c3263e31c43baca 200
[debug] [2026-10-07T15:06:30.648Z] <<< [apiv2][body] POST https://upload-firebasehosting.googleapis.com/upload/sites/healthtrackai-23752/versions/9f8efe3e82b77289/files/53333456a1dc5c10eec830d6f0e9ece7b31f2a5020a725c24c3263e31c43baca [stream]
[debug] [2026-10-07T15:06:30.656Z] <<< [apiv2][status] POST https://upload-firebasehosting.googleapis.com/upload/sites/healthtrackai-23752/versions/9f8efe3e82b77289/files/a2a0f167aaed2411aa27b92c8b75ebbe62c98738f293b86549e763604d98be00 200
[debug] [2026-10-07T15:06:30.656Z] <<< [apiv2][body] POST https://upload-firebasehosting.googleapis.com/upload/sites/healthtrackai-23752/versions/9f8efe3e82b77289/files/a2a0f167aaed2411aa27b92c8b75ebbe62c98738f293b86549e763604d98be00 [stream]
[debug] [2026-10-07T15:06:30.669Z] <<< [apiv2][status] POST https://upload-firebasehosting.googleapis.com/upload/sites/healthtrackai-23752/versions/9f8efe3e82b77289/files/b6205b5a29627902752764a70ec03a7b2d07abdf5ee787cb8afefa53be3ac341 200
[debug] [2026-10-07T15:06:30.669Z] <<< [apiv2][body] POST https://upload-firebasehosting.googleapis.com/upload/sites/healthtrackai-23752/versions/9f8efe3e82b77289/files/b6205b5a29627902752764a70ec03a7b2d07abdf5ee787cb8afefa53be3ac341 [stream]
[debug] [2026-10-07T15:06:30.678Z] <<< [apiv2][status] POST https://upload-firebasehosting.googleapis.com/upload/sites/healthtrackai-23752/versions/9f8efe3e82b77289/files/5f8508535a50f299371b2fc7e492f8432a88fa2bfac94e7ba6680083f8074514 200
[debug] [2026-10-07T15:06:30.678Z] <<< [apiv2][body] POST https://upload-firebasehosting.googleapis.com/upload/sites/healthtrackai-23752/versions/9f8efe3e82b77289/files/5f8508535a50f299371b2fc7e492f8432a88fa2bfac94e7ba6680083f8074514 [stream]
[debug] [2026-10-07T15:06:30.738Z] <<< [apiv2][status] POST https://upload-firebasehosting.googleapis.com/upload/sites/healthtrackai-23752/versions/9f8efe3e82b77289/files/bc63e98bc55509f62ac8f0913d7645118bb6c79d1ae530664403eda6d1fe786f 200
[debug] [2026-10-07T15:06:30.738Z] <<< [apiv2][body] POST https://upload-firebasehosting.googleapis.com/upload/sites/healthtrackai-23752/versions/9f8efe3e82b77289/files/bc63e98bc55509f62ac8f0913d7645118bb6c79d1ae530664403eda6d1fe786f [stream]
[debug] [2026-10-07T15:06:30.778Z] <<< [apiv2][status] POST https://upload-firebasehosting.googleapis.com/upload/sites/healthtrackai-23752/versions/9f8efe3e82b77289/files/63a86fb89976837db9b0a55e6381084b12c267e4a9c13a0170ff7fa9f328642b 200
[debug] [2026-10-07T15:06:30.778Z] <<< [apiv2][body] POST https://upload-firebasehosting.googleapis.com/upload/sites/healthtrackai-23752/versions/9f8efe3e82b77289/files/63a86fb89976837db9b0a55e6381084b12c267e4a9c13a0170ff7fa9f328642b [stream]
[debug] [2026-10-07T15:06:30.782Z] <<< [apiv2][status] POST https://upload-firebasehosting.googleapis.com/upload/sites/healthtrackai-23752/versions/9f8efe3e82b77289/files/580c30ce37fbb3a73ebbd85308da334c97f691135f643350fda8d6fc3d07b800 200
[debug] [2026-10-07T15:06:30.782Z] <<< [apiv2][body] POST https://upload-firebasehosting.googleapis.com/upload/sites/healthtrackai-23752/versions/9f8efe3e82b77289/files/580c30ce37fbb3a73ebbd85308da334c97f691135f643350fda8d6fc3d07b800 [stream]
[debug] [2026-10-07T15:06:30.786Z] <<< [apiv2][status] POST https://upload-firebasehosting.googleapis.com/upload/sites/healthtrackai-23752/versions/9f8efe3e82b77289/files/ffc87b7191a8cccbc93b91d818434c3a2763ffd4a6c5932d3243a76dee1aff14 200
[debug] [2026-10-07T15:06:30.786Z] <<< [apiv2][body] POST https://upload-firebasehosting.googleapis.com/upload/sites/healthtrackai-23752/versions/9f8efe3e82b77289/files/ffc87b7191a8cccbc93b91d818434c3a2763ffd4a6c5932d3243a76dee1aff14 [stream]
[debug] [2026-10-07T15:06:30.804Z] <<< [apiv2][status] POST https://upload-firebasehosting.googleapis.com/upload/sites/healthtrackai-23752/versions/9f8efe3e82b77289/files/2605e4184e473b28d1c264e781f881977e36089dc4bd1f44724c98a5e638dbb0 200
[debug] [2026-10-07T15:06:30.804Z] <<< [apiv2][body] POST https://upload-firebasehosting.googleapis.com/upload/sites/healthtrackai-23752/versions/9f8efe3e82b77289/files/2605e4184e473b28d1c264e781f881977e36089dc4bd1f44724c98a5e638dbb0 [stream]
[debug] [2026-10-07T15:06:30.807Z] <<< [apiv2][status] POST https://upload-firebasehosting.googleapis.com/upload/sites/healthtrackai-23752/versions/9f8efe3e82b77289/files/01f343cd8124915d6da93cd0ef725b1ea4e3954d732f168a0b3cc5110809e5ad 200
[debug] [2026-10-07T15:06:30.807Z] <<< [apiv2][body] POST https://upload-firebasehosting.googleapis.com/upload/sites/healthtrackai-23752/versions/9f8efe3e82b77289/files/01f343cd8124915d6da93cd0ef725b1ea4e3954d732f168a0b3cc5110809e5ad [stream]
[debug] [2026-10-07T15:06:30.868Z] <<< [apiv2][status] POST https://upload-firebasehosting.googleapis.com/upload/sites/healthtrackai-23752/versions/9f8efe3e82b77289/files/acb4db157d926c39c8abeff39ae19d6df4fc2281edfd045843ab4bf6ada92684 200
[debug] [2026-10-07T15:06:30.868Z] <<< [apiv2][body] POST https://upload-firebasehosting.googleapis.com/upload/sites/healthtrackai-23752/versions/9f8efe3e82b77289/files/acb4db157d926c39c8abeff39ae19d6df4fc2281edfd045843ab4bf6ada92684 [stream]
[debug] [2026-10-07T15:06:30.870Z] <<< [apiv2][status] POST https://upload-firebasehosting.googleapis.com/upload/sites/healthtrackai-23752/versions/9f8efe3e82b77289/files/f19c05c5e2112dabf81e76f6f41efc591a0d070825f52dcd8baae0a9dc7785bf 200
[debug] [2026-10-07T15:06:30.871Z] <<< [apiv2][body] POST https://upload-firebasehosting.googleapis.com/upload/sites/healthtrackai-23752/versions/9f8efe3e82b77289/files/f19c05c5e2112dabf81e76f6f41efc591a0d070825f52dcd8baae0a9dc7785bf [stream]
[debug] [2026-10-07T15:06:30.897Z] <<< [apiv2][status] POST https://upload-firebasehosting.googleapis.com/upload/sites/healthtrackai-23752/versions/9f8efe3e82b77289/files/266b1c15130050183e82199bf85fc9cbfe93889eff8b90ccfa35b773b1b97b78 200
[debug] [2026-10-07T15:06:30.897Z] <<< [apiv2][body] POST https://upload-firebasehosting.googleapis.com/upload/sites/healthtrackai-23752/versions/9f8efe3e82b77289/files/266b1c15130050183e82199bf85fc9cbfe93889eff8b90ccfa35b773b1b97b78 [stream]
[debug] [2026-10-07T15:06:30.920Z] <<< [apiv2][status] POST https://upload-firebasehosting.googleapis.com/upload/sites/healthtrackai-23752/versions/9f8efe3e82b77289/files/0f68a160a0b27441f67806f1eac22fe2083199a1c55f6b53256fed49c47a2923 200
[debug] [2026-10-07T15:06:30.921Z] <<< [apiv2][body] POST https://upload-firebasehosting.googleapis.com/upload/sites/healthtrackai-23752/versions/9f8efe3e82b77289/files/0f68a160a0b27441f67806f1eac22fe2083199a1c55f6b53256fed49c47a2923 [stream]
[debug] [2026-10-07T15:06:30.923Z] <<< [apiv2][status] POST https://upload-firebasehosting.googleapis.com/upload/sites/healthtrackai-23752/versions/9f8efe3e82b77289/files/0da2e77080dae401c96dff39e7be6f4cc66ae844202b4766ceef41a96fdd652e 200
[debug] [2026-10-07T15:06:30.923Z] <<< [apiv2][body] POST https://upload-firebasehosting.googleapis.com/upload/sites/healthtrackai-23752/versions/9f8efe3e82b77289/files/0da2e77080dae401c96dff39e7be6f4cc66ae844202b4766ceef41a96fdd652e [stream]
[debug] [2026-10-07T15:06:30.933Z] <<< [apiv2][status] POST https://upload-firebasehosting.googleapis.com/upload/sites/healthtrackai-23752/versions/9f8efe3e82b77289/files/c03b666444a0269bd82fb240e70191e22ccfdb929e6641b4f88a7ced5e70053f 200
[debug] [2026-10-07T15:06:30.933Z] <<< [apiv2][body] POST https://upload-firebasehosting.googleapis.com/upload/sites/healthtrackai-23752/versions/9f8efe3e82b77289/files/c03b666444a0269bd82fb240e70191e22ccfdb929e6641b4f88a7ced5e70053f [stream]
[debug] [2026-10-07T15:06:31.005Z] <<< [apiv2][status] POST https://upload-firebasehosting.googleapis.com/upload/sites/healthtrackai-23752/versions/9f8efe3e82b77289/files/0035cf792e4adc8a91a8344a7fb08ac16ca948626285480ad225a8567e4129ce 200
[debug] [2026-10-07T15:06:31.006Z] <<< [apiv2][body] POST https://upload-firebasehosting.googleapis.com/upload/sites/healthtrackai-23752/versions/9f8efe3e82b77289/files/0035cf792e4adc8a91a8344a7fb08ac16ca948626285480ad225a8567e4129ce [stream]
[debug] [2026-10-07T15:06:31.017Z] <<< [apiv2][status] POST https://upload-firebasehosting.googleapis.com/upload/sites/healthtrackai-23752/versions/9f8efe3e82b77289/files/ef473857014a85cd1024d9f83b1e343d0dd11b394d6637f5d28c900efbe9309c 200
[debug] [2026-10-07T15:06:31.017Z] <<< [apiv2][body] POST https://upload-firebasehosting.googleapis.com/upload/sites/healthtrackai-23752/versions/9f8efe3e82b77289/files/ef473857014a85cd1024d9f83b1e343d0dd11b394d6637f5d28c900efbe9309c [stream]
[debug] [2026-10-07T15:06:31.024Z] <<< [apiv2][status] POST https://upload-firebasehosting.googleapis.com/upload/sites/healthtrackai-23752/versions/9f8efe3e82b77289/files/b40f3075b9f13148b86f8790f115876a28348dbebce016b9441b75ddcd5d2e76 200
[debug] [2026-10-07T15:06:31.025Z] <<< [apiv2][body] POST https://upload-firebasehosting.googleapis.com/upload/sites/healthtrackai-23752/versions/9f8efe3e82b77289/files/b40f3075b9f13148b86f8790f115876a28348dbebce016b9441b75ddcd5d2e76 [stream]
[debug] [2026-10-07T15:06:31.085Z] <<< [apiv2][status] POST https://upload-firebasehosting.googleapis.com/upload/sites/healthtrackai-23752/versions/9f8efe3e82b77289/files/af76c6fca8d127d2a0ed25d9d25bf6a85ffd6d6e58dfb3aefb9d6cc692b808a7 200
[debug] [2026-10-07T15:06:31.085Z] <<< [apiv2][body] POST https://upload-firebasehosting.googleapis.com/upload/sites/healthtrackai-23752/versions/9f8efe3e82b77289/files/af76c6fca8d127d2a0ed25d9d25bf6a85ffd6d6e58dfb3aefb9d6cc692b808a7 [stream]
[debug] [2026-10-07T15:06:31.193Z] <<< [apiv2][status] POST https://upload-firebasehosting.googleapis.com/upload/sites/healthtrackai-23752/versions/9f8efe3e82b77289/files/be526ec3c35f4b9f598f7fd64c4a40d97962dabd0c2e2190ce75aec9a4967ec1 200
[debug] [2026-10-07T15:06:31.193Z] <<< [apiv2][body] POST https://upload-firebasehosting.googleapis.com/upload/sites/healthtrackai-23752/versions/9f8efe3e82b77289/files/be526ec3c35f4b9f598f7fd64c4a40d97962dabd0c2e2190ce75aec9a4967ec1 [stream]
[debug] [2026-10-07T15:06:31.284Z] <<< [apiv2][status] POST https://upload-firebasehosting.googleapis.com/upload/sites/healthtrackai-23752/versions/9f8efe3e82b77289/files/14fd153d7968aea4896272e07defa8382af80d9cf82e46e39f1dbddae4d2a42f 200
[debug] [2026-10-07T15:06:31.285Z] <<< [apiv2][body] POST https://upload-firebasehosting.googleapis.com/upload/sites/healthtrackai-23752/versions/9f8efe3e82b77289/files/14fd153d7968aea4896272e07defa8382af80d9cf82e46e39f1dbddae4d2a42f [stream]
[debug] [2026-10-07T15:06:31.285Z] [hosting][upload queue][FINAL] {"max":2389,"min":1712,"avg":1912.3548387096773,"active":0,"complete":31,"success":31,"errored":0,"retried":0,"total":31,"elapsed":2397}
[info] i  hosting: upload complete 
[info] +  hosting[healthtrackai-23752]: file upload complete 
[debug] [2026-10-07T15:06:31.285Z] [hosting] deploy completed after 3536ms
[debug] [2026-10-07T15:06:31.286Z] [
  {
    "config": {
      "public": "frontend/dist/mindtrack-ai/browser",
      "ignore": [
        "firebase.json",
        "**/.*",
        "**/node_modules/**"
      ],
      "redirects": [
        {
          "source": "/health",
          "destination": "https://healthtrackai-v1ug.onrender.com/health",
          "type": 302
        },
        {
          "source": "/ready",
          "destination": "https://healthtrackai-v1ug.onrender.com/ready",
          "type": 302
        },
        {
          "source": "/api",
          "destination": "https://healthtrackai-v1ug.onrender.com/api/v1",
          "type": 302
        },
        {
          "source": "/api/**",
          "destination": "https://healthtrackai-v1ug.onrender.com/api/:splat",
          "type": 302
        }
      ],
      "rewrites": [
        {
          "source": "**",
          "destination": "/index.html"
        }
      ],
      "headers": [
        {
          "source": "/index.html",
          "headers": [
            {
              "key": "Cache-Control",
              "value": "no-cache"
            }
          ]
        },
        {
          "source": "/",
          "headers": [
            {
              "key": "Cache-Control",
              "value": "no-cache"
            }
          ]
        },
        {
          "source": "/landing",
          "headers": [
            {
              "key": "Cache-Control",
              "value": "no-cache"
            }
          ]
        },
        {
          "source": "/about",
          "headers": [
            {
              "key": "Cache-Control",
              "value": "no-cache"
            }
          ]
        },
        {
          "source": "/auth",
          "headers": [
            {
              "key": "Cache-Control",
              "value": "no-cache"
            }
          ]
        },
        {
          "source": "/auth/**",
          "headers": [
            {
              "key": "Cache-Control",
              "value": "no-cache"
            }
          ]
        },
        {
          "source": "/dashboard",
          "headers": [
            {
              "key": "Cache-Control",
              "value": "no-cache"
            }
          ]
        },
        {
          "source": "/dashboard/**",
          "headers": [
            {
              "key": "Cache-Control",
              "value": "no-cache"
            }
          ]
        },
        {
          "source": "/tests",
          "headers": [
            {
              "key": "Cache-Control",
              "value": "no-cache"
            }
          ]
        },
        {
          "source": "/tests/**",
          "headers": [
            {
              "key": "Cache-Control",
              "value": "no-cache"
            }
          ]
        },
        {
          "source": "/mental-state",
          "headers": [
            {
              "key": "Cache-Control",
              "value": "no-cache"
            }
          ]
        },
        {
          "source": "/mental-state/**",
          "headers": [
            {
              "key": "Cache-Control",
              "value": "no-cache"
            }
          ]
        },
        {
          "source": "/exercises",
          "headers": [
            {
              "key": "Cache-Control",
              "value": "no-cache"
            }
          ]
        },
        {
          "source": "/exercises/**",
          "headers": [
            {
              "key": "Cache-Control",
              "value": "no-cache"
            }
          ]
        },
        {
          "source": "/mood",
          "headers": [
            {
              "key": "Cache-Control",
              "value": "no-cache"
            }
          ]
        },
        {
          "source": "/mood/**",
          "headers": [
            {
              "key": "Cache-Control",
              "value": "no-cache"
            }
          ]
        },
        {
          "source": "/mood-calendar",
          "headers": [
            {
              "key": "Cache-Control",
              "value": "no-cache"
            }
          ]
        },
        {
          "source": "/journal",
          "headers": [
            {
              "key": "Cache-Control",
              "value": "no-cache"
            }
          ]
        },
        {
          "source": "/journal/**",
          "headers": [
            {
              "key": "Cache-Control",
              "value": "no-cache"
            }
          ]
        },
        {
          "source": "/community",
          "headers": [
            {
              "key": "Cache-Control",
              "value": "no-cache"
            }
          ]
        },
        {
          "source": "/community/**",
          "headers": [
            {
              "key": "Cache-Control",
              "value": "no-cache"
            }
          ]
        },
        {
          "source": "/feedback",
          "headers": [
            {
              "key": "Cache-Control",
              "value": "no-cache"
            }
          ]
        },
        {
          "source": "/feedback/**",
          "headers": [
            {
              "key": "Cache-Control",
              "value": "no-cache"
            }
          ]
        },
        {
          "source": "/progress",
          "headers": [
            {
              "key": "Cache-Control",
              "value": "no-cache"
            }
          ]
        },
        {
          "source": "/progress/**",
          "headers": [
            {
              "key": "Cache-Control",
              "value": "no-cache"
            }
          ]
        },
        {
          "source": "/profile",
          "headers": [
            {
              "key": "Cache-Control",
              "value": "no-cache"
            }
          ]
        },
        {
          "source": "/profile/**",
          "headers": [
            {
              "key": "Cache-Control",
              "value": "no-cache"
            }
          ]
        },
        {
          "source": "**/*.js",
          "headers": [
            {
              "key": "Cache-Control",
              "value": "public,max-age=31536000,immutable"
            }
          ]
        },
        {
          "source": "**/*.css",
          "headers": [
            {
              "key": "Cache-Control",
              "value": "public,max-age=31536000,immutable"
            }
          ]
        }
      ],
      "site": "healthtrackai-23752"
    },
    "version": "projects/653093331033/sites/healthtrackai-23752/versions/9f8efe3e82b77289"
  }
]
[info] i  hosting[healthtrackai-23752]: finalizing version... 
[debug] [2026-10-07T15:06:31.289Z] Checked if tokens are valid: true, expires at: 1791389183428
[debug] [2026-10-07T15:06:31.289Z] Checked if tokens are valid: true, expires at: 1791389183428
[debug] [2026-10-07T15:06:31.290Z] >>> [apiv2][query] PATCH https://firebasehosting.googleapis.com/v1beta1/projects/-/sites/healthtrackai-23752/versions/9f8efe3e82b77289 updateMask=status%2Cconfig
[debug] [2026-10-07T15:06:31.290Z] >>> [apiv2][body] PATCH https://firebasehosting.googleapis.com/v1beta1/projects/-/sites/healthtrackai-23752/versions/9f8efe3e82b77289 {"status":"FINALIZED","config":{"rewrites":[{"glob":"**","path":"/index.html"}],"redirects":[{"glob":"/health","location":"https://healthtrackai-v1ug.onrender.com/health","statusCode":302},{"glob":"/ready","location":"https://healthtrackai-v1ug.onrender.com/ready","statusCode":302},{"glob":"/api","location":"https://healthtrackai-v1ug.onrender.com/api/v1","statusCode":302},{"glob":"/api/**","location":"https://healthtrackai-v1ug.onrender.com/api/:splat","statusCode":302}],"headers":[{"glob":"/index.html","headers":{"Cache-Control":"no-cache"}},{"glob":"/","headers":{"Cache-Control":"no-cache"}},{"glob":"/landing","headers":{"Cache-Control":"no-cache"}},{"glob":"/about","headers":{"Cache-Control":"no-cache"}},{"glob":"/auth","headers":{"Cache-Control":"no-cache"}},{"glob":"/auth/**","headers":{"Cache-Control":"no-cache"}},{"glob":"/dashboard","headers":{"Cache-Control":"no-cache"}},{"glob":"/dashboard/**","headers":{"Cache-Control":"no-cache"}},{"glob":"/tests","headers":{"Cache-Control":"no-cache"}},{"glob":"/tests/**","headers":{"Cache-Control":"no-cache"}},{"glob":"/mental-state","headers":{"Cache-Control":"no-cache"}},{"glob":"/mental-state/**","headers":{"Cache-Control":"no-cache"}},{"glob":"/exercises","headers":{"Cache-Control":"no-cache"}},{"glob":"/exercises/**","headers":{"Cache-Control":"no-cache"}},{"glob":"/mood","headers":{"Cache-Control":"no-cache"}},{"glob":"/mood/**","headers":{"Cache-Control":"no-cache"}},{"glob":"/mood-calendar","headers":{"Cache-Control":"no-cache"}},{"glob":"/journal","headers":{"Cache-Control":"no-cache"}},{"glob":"/journal/**","headers":{"Cache-Control":"no-cache"}},{"glob":"/community","headers":{"Cache-Control":"no-cache"}},{"glob":"/community/**","headers":{"Cache-Control":"no-cache"}},{"glob":"/feedback","headers":{"Cache-Control":"no-cache"}},{"glob":"/feedback/**","headers":{"Cache-Control":"no-cache"}},{"glob":"/progress","headers":{"Cache-Control":"no-cache"}},{"glob":"/progress/**","headers":{"Cache-Control":"no-cache"}},{"glob":"/profile","headers":{"Cache-Control":"no-cache"}},{"glob":"/profile/**","headers":{"Cache-Control":"no-cache"}},{"glob":"**/*.js","headers":{"Cache-Control":"public,max-age=31536000,immutable"}},{"glob":"**/*.css","headers":{"Cache-Control":"public,max-age=31536000,immutable"}}]}}
[debug] [2026-10-07T15:06:32.118Z] <<< [apiv2][status] PATCH https://firebasehosting.googleapis.com/v1beta1/projects/-/sites/healthtrackai-23752/versions/9f8efe3e82b77289 200
[debug] [2026-10-07T15:06:32.118Z] <<< [apiv2][body] PATCH https://firebasehosting.googleapis.com/v1beta1/projects/-/sites/healthtrackai-23752/versions/9f8efe3e82b77289 {"name":"projects/653093331033/sites/healthtrackai-23752/versions/9f8efe3e82b77289","status":"FINALIZED","config":{"headers":[{"headers":{"Cache-Control":"no-cache"},"glob":"/index.html"},{"headers":{"Cache-Control":"no-cache"},"glob":"/"},{"headers":{"Cache-Control":"no-cache"},"glob":"/landing"},{"headers":{"Cache-Control":"no-cache"},"glob":"/about"},{"headers":{"Cache-Control":"no-cache"},"glob":"/auth"},{"headers":{"Cache-Control":"no-cache"},"glob":"/auth/**"},{"headers":{"Cache-Control":"no-cache"},"glob":"/dashboard"},{"headers":{"Cache-Control":"no-cache"},"glob":"/dashboard/**"},{"headers":{"Cache-Control":"no-cache"},"glob":"/tests"},{"headers":{"Cache-Control":"no-cache"},"glob":"/tests/**"},{"headers":{"Cache-Control":"no-cache"},"glob":"/mental-state"},{"headers":{"Cache-Control":"no-cache"},"glob":"/mental-state/**"},{"headers":{"Cache-Control":"no-cache"},"glob":"/exercises"},{"headers":{"Cache-Control":"no-cache"},"glob":"/exercises/**"},{"headers":{"Cache-Control":"no-cache"},"glob":"/mood"},{"headers":{"Cache-Control":"no-cache"},"glob":"/mood/**"},{"headers":{"Cache-Control":"no-cache"},"glob":"/mood-calendar"},{"headers":{"Cache-Control":"no-cache"},"glob":"/journal"},{"headers":{"Cache-Control":"no-cache"},"glob":"/journal/**"},{"headers":{"Cache-Control":"no-cache"},"glob":"/community"},{"headers":{"Cache-Control":"no-cache"},"glob":"/community/**"},{"headers":{"Cache-Control":"no-cache"},"glob":"/feedback"},{"headers":{"Cache-Control":"no-cache"},"glob":"/feedback/**"},{"headers":{"Cache-Control":"no-cache"},"glob":"/progress"},{"headers":{"Cache-Control":"no-cache"},"glob":"/progress/**"},{"headers":{"Cache-Control":"no-cache"},"glob":"/profile"},{"headers":{"Cache-Control":"no-cache"},"glob":"/profile/**"},{"headers":{"Cache-Control":"public,max-age=31536000,immutable"},"glob":"**/*.js"},{"headers":{"Cache-Control":"public,max-age=31536000,immutable"},"glob":"**/*.css"}],"redirects":[{"statusCode":302,"location":"https://healthtrackai-v1ug.onrender.com/health","glob":"/health"},{"statusCode":302,"location":"https://healthtrackai-v1ug.onrender.com/ready","glob":"/ready"},{"statusCode":302,"location":"https://healthtrackai-v1ug.onrender.com/api/v1","glob":"/api"},{"statusCode":302,"location":"https://healthtrackai-v1ug.onrender.com/api/:splat","glob":"/api/**"}],"rewrites":[{"glob":"**","path":"/index.html"}]},"labels":{"deployment-tool":"cli-firebase"},"createTime":"2026-10-07T15:06:25.763604Z","createUser":{"email":"omchaudhary2111@gmail.com"},"finalizeTime":"2026-10-07T15:06:31.757338Z","finalizeUser":{"email":"omchaudhary2111@gmail.com"}}
[debug] [2026-10-07T15:06:32.118Z] [hosting] finalized version for healthtrackai-23752:[object Object]
[info] +  hosting[healthtrackai-23752]: version finalized 
[info] i  hosting[healthtrackai-23752]: releasing new version... 
[debug] [2026-10-07T15:06:32.119Z] Checked if tokens are valid: true, expires at: 1791389183428
[debug] [2026-10-07T15:06:32.119Z] Checked if tokens are valid: true, expires at: 1791389183428
[debug] [2026-10-07T15:06:32.119Z] >>> [apiv2][query] POST https://firebasehosting.googleapis.com/v1beta1/projects/-/sites/healthtrackai-23752/channels/live/releases versionName=projects%2F653093331033%2Fsites%2Fhealthtrackai-23752%2Fversions%2F9f8efe3e82b77289
[debug] [2026-10-07T15:06:32.119Z] >>> [apiv2][body] POST https://firebasehosting.googleapis.com/v1beta1/projects/-/sites/healthtrackai-23752/channels/live/releases {}
[debug] [2026-10-07T15:06:32.969Z] <<< [apiv2][status] POST https://firebasehosting.googleapis.com/v1beta1/projects/-/sites/healthtrackai-23752/channels/live/releases 200
[debug] [2026-10-07T15:06:32.970Z] <<< [apiv2][body] POST https://firebasehosting.googleapis.com/v1beta1/projects/-/sites/healthtrackai-23752/channels/live/releases {"name":"projects/653093331033/sites/healthtrackai-23752/channels/live/releases/1791385591917000","version":{"name":"projects/653093331033/sites/healthtrackai-23752/versions/9f8efe3e82b77289","status":"FINALIZED","config":{"headers":[{"headers":{"Cache-Control":"no-cache"},"glob":"/index.html"},{"headers":{"Cache-Control":"no-cache"},"glob":"/"},{"headers":{"Cache-Control":"no-cache"},"glob":"/landing"},{"headers":{"Cache-Control":"no-cache"},"glob":"/about"},{"headers":{"Cache-Control":"no-cache"},"glob":"/auth"},{"headers":{"Cache-Control":"no-cache"},"glob":"/auth/**"},{"headers":{"Cache-Control":"no-cache"},"glob":"/dashboard"},{"headers":{"Cache-Control":"no-cache"},"glob":"/dashboard/**"},{"headers":{"Cache-Control":"no-cache"},"glob":"/tests"},{"headers":{"Cache-Control":"no-cache"},"glob":"/tests/**"},{"headers":{"Cache-Control":"no-cache"},"glob":"/mental-state"},{"headers":{"Cache-Control":"no-cache"},"glob":"/mental-state/**"},{"headers":{"Cache-Control":"no-cache"},"glob":"/exercises"},{"headers":{"Cache-Control":"no-cache"},"glob":"/exercises/**"},{"headers":{"Cache-Control":"no-cache"},"glob":"/mood"},{"headers":{"Cache-Control":"no-cache"},"glob":"/mood/**"},{"headers":{"Cache-Control":"no-cache"},"glob":"/mood-calendar"},{"headers":{"Cache-Control":"no-cache"},"glob":"/journal"},{"headers":{"Cache-Control":"no-cache"},"glob":"/journal/**"},{"headers":{"Cache-Control":"no-cache"},"glob":"/community"},{"headers":{"Cache-Control":"no-cache"},"glob":"/community/**"},{"headers":{"Cache-Control":"no-cache"},"glob":"/feedback"},{"headers":{"Cache-Control":"no-cache"},"glob":"/feedback/**"},{"headers":{"Cache-Control":"no-cache"},"glob":"/progress"},{"headers":{"Cache-Control":"no-cache"},"glob":"/progress/**"},{"headers":{"Cache-Control":"no-cache"},"glob":"/profile"},{"headers":{"Cache-Control":"no-cache"},"glob":"/profile/**"},{"headers":{"Cache-Control":"public,max-age=31536000,immutable"},"glob":"**/*.js"},{"headers":{"Cache-Control":"public,max-age=31536000,immutable"},"glob":"**/*.css"}],"redirects":[{"statusCode":302,"location":"https://healthtrackai-v1ug.onrender.com/health","glob":"/health"},{"statusCode":302,"location":"https://healthtrackai-v1ug.onrender.com/ready","glob":"/ready"},{"statusCode":302,"location":"https://healthtrackai-v1ug.onrender.com/api/v1","glob":"/api"},{"statusCode":302,"location":"https://healthtrackai-v1ug.onrender.com/api/:splat","glob":"/api/**"}],"rewrites":[{"glob":"**","path":"/index.html"}]},"labels":{"deployment-tool":"cli-firebase"},"createTime":"2026-10-07T15:06:25.763604Z","createUser":{"email":"omchaudhary2111@gmail.com","imageUrl":"https://lh3.googleusercontent.com/a/ACg8ocJ5qa3mCB5kso_YRY6cnT-8PSDlhfkw020H_VF3jEn2nyT5M6-FjA"},"finalizeTime":"2026-10-07T15:06:31.757338Z","finalizeUser":{"email":"omchaudhary2111@gmail.com","imageUrl":"https://lh3.googleusercontent.com/a/ACg8ocJ5qa3mCB5kso_YRY6cnT-8PSDlhfkw020H_VF3jEn2nyT5M6-FjA"}},"type":"DEPLOY","releaseTime":"2026-10-07T15:06:31.917Z","releaseUser":{"email":"omchaudhary2111@gmail.com","imageUrl":"https://lh3.googleusercontent.com/a/ACg8ocJ5qa3mCB5kso_YRY6cnT-8PSDlhfkw020H_VF3jEn2nyT5M6-FjA"}}
[debug] [2026-10-07T15:06:32.970Z] [hosting] release: {"name":"projects/653093331033/sites/healthtrackai-23752/channels/live/releases/1791385591917000","version":{"name":"projects/653093331033/sites/healthtrackai-23752/versions/9f8efe3e82b77289","status":"FINALIZED","config":{"headers":[{"headers":{"Cache-Control":"no-cache"},"glob":"/index.html"},{"headers":{"Cache-Control":"no-cache"},"glob":"/"},{"headers":{"Cache-Control":"no-cache"},"glob":"/landing"},{"headers":{"Cache-Control":"no-cache"},"glob":"/about"},{"headers":{"Cache-Control":"no-cache"},"glob":"/auth"},{"headers":{"Cache-Control":"no-cache"},"glob":"/auth/**"},{"headers":{"Cache-Control":"no-cache"},"glob":"/dashboard"},{"headers":{"Cache-Control":"no-cache"},"glob":"/dashboard/**"},{"headers":{"Cache-Control":"no-cache"},"glob":"/tests"},{"headers":{"Cache-Control":"no-cache"},"glob":"/tests/**"},{"headers":{"Cache-Control":"no-cache"},"glob":"/mental-state"},{"headers":{"Cache-Control":"no-cache"},"glob":"/mental-state/**"},{"headers":{"Cache-Control":"no-cache"},"glob":"/exercises"},{"headers":{"Cache-Control":"no-cache"},"glob":"/exercises/**"},{"headers":{"Cache-Control":"no-cache"},"glob":"/mood"},{"headers":{"Cache-Control":"no-cache"},"glob":"/mood/**"},{"headers":{"Cache-Control":"no-cache"},"glob":"/mood-calendar"},{"headers":{"Cache-Control":"no-cache"},"glob":"/journal"},{"headers":{"Cache-Control":"no-cache"},"glob":"/journal/**"},{"headers":{"Cache-Control":"no-cache"},"glob":"/community"},{"headers":{"Cache-Control":"no-cache"},"glob":"/community/**"},{"headers":{"Cache-Control":"no-cache"},"glob":"/feedback"},{"headers":{"Cache-Control":"no-cache"},"glob":"/feedback/**"},{"headers":{"Cache-Control":"no-cache"},"glob":"/progress"},{"headers":{"Cache-Control":"no-cache"},"glob":"/progress/**"},{"headers":{"Cache-Control":"no-cache"},"glob":"/profile"},{"headers":{"Cache-Control":"no-cache"},"glob":"/profile/**"},{"headers":{"Cache-Control":"public,max-age=31536000,immutable"},"glob":"**/*.js"},{"headers":{"Cache-Control":"public,max-age=31536000,immutable"},"glob":"**/*.css"}],"redirects":[{"statusCode":302,"location":"https://healthtrackai-v1ug.onrender.com/health","glob":"/health"},{"statusCode":302,"location":"https://healthtrackai-v1ug.onrender.com/ready","glob":"/ready"},{"statusCode":302,"location":"https://healthtrackai-v1ug.onrender.com/api/v1","glob":"/api"},{"statusCode":302,"location":"https://healthtrackai-v1ug.onrender.com/api/:splat","glob":"/api/**"}],"rewrites":[{"glob":"**","path":"/index.html"}]},"labels":{"deployment-tool":"cli-firebase"},"createTime":"2026-10-07T15:06:25.763604Z","createUser":{"email":"omchaudhary2111@gmail.com","imageUrl":"https://lh3.googleusercontent.com/a/ACg8ocJ5qa3mCB5kso_YRY6cnT-8PSDlhfkw020H_VF3jEn2nyT5M6-FjA"},"finalizeTime":"2026-10-07T15:06:31.757338Z","finalizeUser":{"email":"omchaudhary2111@gmail.com","imageUrl":"https://lh3.googleusercontent.com/a/ACg8ocJ5qa3mCB5kso_YRY6cnT-8PSDlhfkw020H_VF3jEn2nyT5M6-FjA"}},"type":"DEPLOY","releaseTime":"2026-10-07T15:06:31.917Z","releaseUser":{"email":"omchaudhary2111@gmail.com","imageUrl":"https://lh3.googleusercontent.com/a/ACg8ocJ5qa3mCB5kso_YRY6cnT-8PSDlhfkw020H_VF3jEn2nyT5M6-FjA"}}
[info] +  hosting[healthtrackai-23752]: release complete 
[info] 
[info] +  Deploy complete! 
[info] 
[info] Project Console: https://console.firebase.google.com/project/healthtrackai-23752/overview
[info] Hosting URL: https://healthtrackai-23752.web.app
[debug] [2026-10-07T15:06:38.337Z] Error: Timed out.
    at Timeout._onTimeout (C:\Users\OMADITI\AppData\Roaming\npm\node_modules\firebase-tools\lib\utils.js:308:49)
    at listOnTimeout (node:internal/timers:605:17)
    at process.processTimers (node:internal/timers:541:7)
[error] 
[error] Error: An unexpected error has occurred.
